
> react-typescript-starter@0.1.0 test
> react-scripts test "--coverage"

PASS src/test/CourseSearch.test.tsx (10.394 s)
PASS src/test/App.test.tsx
  ● Console

    console.log
      logged in

      at src/App.tsx:35:17

    console.log
      null

      at src/App.tsx:42:17

    console.log
      logged in

      at src/App.tsx:35:17

    console.log
      null

      at src/App.tsx:42:17

    console.log
      logged in

      at src/App.tsx:35:17

    console.log
      null

      at src/App.tsx:42:17

    console.log
      logged in

      at src/App.tsx:35:17

    console.log
      null

      at src/App.tsx:42:17

    console.log
      logged in

      at src/App.tsx:35:17

    console.log
      null

      at src/App.tsx:42:17

    console.log
      logged in

      at src/App.tsx:35:17

    console.log
      null

      at src/App.tsx:42:17

    console.log
      logged in

      at src/App.tsx:35:17

    console.log
      null

      at src/App.tsx:42:17

    console.log
      logged in

      at src/App.tsx:35:17

    console.log
      null

      at src/App.tsx:42:17

    console.log
      logged in

      at src/App.tsx:35:17

    console.log
      null

      at src/App.tsx:42:17

    console.log
      logged in

      at src/App.tsx:35:17

    console.log
      null

      at src/App.tsx:42:17

    console.log
      logged in

      at src/App.tsx:35:17

    console.log
      null

      at src/App.tsx:42:17

PASS src/test/SemesterView.test.tsx
PASS src/test/PlanList.test.tsx
  ● Console

    console.log
      [
        {
          id: 0,
          title: 'Default Plan',
          description: 'Default Plan for CISC Majors',
          years: [ [Object], [Object], [Object], [Object] ]
        }
      ]

      at updateUserMetadataPlans (src/test/PlanList.test.tsx:21:13)

    console.log
      [
        {
          id: 0,
          title: 'Default Plan',
          description: 'Default Plan for CISC Majors',
          years: [ [Object], [Object], [Object], [Object] ]
        },
        {
          id: 1,
          title: 'New Plan',
          description: 'Add description',
          years: []
        }
      ]

      at updateUserMetadataPlans (src/test/PlanList.test.tsx:21:13)

    console.log
      [
        {
          id: 0,
          title: 'Default Plan',
          description: 'Default Plan for CISC Majors',
          years: [ [Object], [Object], [Object], [Object] ]
        }
      ]

      at updateUserMetadataPlans (src/test/PlanList.test.tsx:21:13)

    console.log
      [
        {
          id: 0,
          title: 'Default Plan',
          description: 'Default Plan for CISC Majors',
          years: [ [Object], [Object], [Object], [Object] ]
        }
      ]

      at updateUserMetadataPlans (src/test/PlanList.test.tsx:21:13)

    console.log
      [
        {
          id: 0,
          title: 'Default Plan',
          description: 'Default Plan for CISC Majors',
          years: [ [Object], [Object], [Object], [Object] ]
        }
      ]

      at updateUserMetadataPlans (src/test/PlanList.test.tsx:21:13)

    console.log
      [
        {
          id: 0,
          title: 'Default Plan',
          description: 'Default Plan for CISC Majors',
          years: [ [Object], [Object], [Object], [Object] ]
        }
      ]

      at updateUserMetadataPlans (src/test/PlanList.test.tsx:21:13)

    console.log
      [
        {
          id: 0,
          title: 'Default Plan',
          description: 'Default Plan for CISC Majors',
          years: [ [Object], [Object], [Object], [Object] ]
        }
      ]

      at updateUserMetadataPlans (src/test/PlanList.test.tsx:21:13)

    console.log
      [
        {
          id: 0,
          title: 'Default Plan',
          description: 'Default Plan for CISC Majors',
          years: [ [Object], [Object], [Object], [Object] ]
        }
      ]

      at updateUserMetadataPlans (src/test/PlanList.test.tsx:21:13)

    console.log
      [
        {
          id: 0,
          title: 'Default Plan',
          description: 'Default Plan for CISC Majors',
          years: [ [Object], [Object], [Object], [Object], [Object] ]
        }
      ]

      at updateUserMetadataPlans (src/test/PlanList.test.tsx:21:13)

    console.log
      [
        {
          id: 0,
          title: 'Default Plan',
          description: 'Default Plan for CISC Majors',
          years: [ [Object], [Object], [Object], [Object] ]
        }
      ]

      at updateUserMetadataPlans (src/test/PlanList.test.tsx:21:13)

    console.log
      [
        {
          id: 0,
          title: 'Default Plan',
          description: 'Default Plan for CISC Majors',
          years: [ [Object], [Object], [Object] ]
        }
      ]

      at updateUserMetadataPlans (src/test/PlanList.test.tsx:21:13)

    console.log
      [
        {
          id: 0,
          title: 'Default Plan',
          description: 'Default Plan for CISC Majors',
          years: [ [Object], [Object], [Object], [Object] ]
        }
      ]

      at updateUserMetadataPlans (src/test/PlanList.test.tsx:21:13)

    console.log
      [
        {
          id: 0,
          title: 'Default Plan',
          description: 'Default Plan for CISC Majors',
          years: [ [Object], [Object], [Object], [Object] ]
        }
      ]

      at updateUserMetadataPlans (src/test/PlanList.test.tsx:21:13)

    console.log
      [
        {
          id: 0,
          title: 'Default Plan',
          description: 'Default Plan for CISC Majors',
          years: [ [Object], [Object], [Object], [Object] ]
        }
      ]

      at updateUserMetadataPlans (src/test/PlanList.test.tsx:21:13)

    console.log
      [
        {
          id: 0,
          title: 'Default Plan',
          description: 'Default Plan for CISC Majors',
          years: [ [Object], [Object], [Object], [Object] ]
        }
      ]

      at updateUserMetadataPlans (src/test/PlanList.test.tsx:21:13)

    console.log
      [
        {
          id: 0,
          title: 'Default Plan',
          description: 'Default Plan for CISC Majors',
          years: [ [Object], [Object], [Object], [Object] ]
        }
      ]

      at updateUserMetadataPlans (src/test/PlanList.test.tsx:21:13)

    console.log
      [
        {
          id: 0,
          title: 'Default Plan',
          description: 'Default Plan for CISC Majors',
          years: [ [Object], [Object], [Object], [Object] ]
        }
      ]

      at updateUserMetadataPlans (src/test/PlanList.test.tsx:21:13)

    console.log
      [
        {
          id: 0,
          title: 'Default Plan',
          description: 'Default Plan for CISC Majors',
          years: [ [Object], [Object], [Object], [Object] ]
        }
      ]

      at updateUserMetadataPlans (src/test/PlanList.test.tsx:21:13)

PASS src/test/PlanView.test.tsx
PASS src/test/CourseList.test.tsx
PASS src/test/SemesterList.test.tsx
PASS src/test/CourseView.test.tsx
PASS src/test/YearView.test.tsx
PASS src/test/YearList.test.tsx
PASS src/test/ViewCourseModal.test.tsx
PASS src/test/LandingPage.test.tsx
---------------------------------------------------|---------|----------|---------|---------|------------------------------------------------------------
File                                               | % Stmts | % Branch | % Funcs | % Lines | Uncovered Line #s                                          
---------------------------------------------------|---------|----------|---------|---------|------------------------------------------------------------
All files                                          |   61.37 |    52.63 |   65.89 |   62.24 |                                                            
 src                                               |   63.49 |    38.09 |   64.28 |   63.49 |                                                            
  App.tsx                                          |    62.9 |    36.84 |   64.28 |    62.9 | 37,44-65,88-97,140-144,149-152                             
  uri.ts                                           |     100 |       50 |     100 |     100 | 2                                                          
 src/components                                    |   95.45 |    71.42 |     100 |   95.45 |                                                            
  LandingPage.tsx                                  |     100 |      100 |     100 |     100 |                                                            
  NavBar.tsx                                       |   93.33 |    71.42 |     100 |   93.33 | 61                                                         
 src/components/course_modal                       |   76.47 |    72.72 |   57.14 |   75.75 |                                                            
  CourseModalContent.tsx                           |   72.72 |    66.66 |      50 |   71.42 | 28-31,38,47-48                                             
  ViewCourseModal.tsx                              |   83.33 |      100 |      60 |   83.33 | 31,35                                                      
 src/components/course_modal/modal_edit_components |   58.06 |        0 |      50 |   58.06 |                                                            
  EditBreadth.tsx                                  |   42.85 |        0 |      50 |   42.85 | 13-18                                                      
  EditCreditPrereqRestrictions.tsx                 |      40 |      100 |      25 |      40 | 26-58                                                      
  EditModalContent.tsx                             |     100 |      100 |     100 |     100 |                                                            
  EditSemesters.tsx                                |    37.5 |        0 |   33.33 |    37.5 | 13-21                                                      
  EditTitleDescription.tsx                         |      75 |      100 |   66.66 |      75 | 42                                                         
 src/components/course_search                      |      75 |       75 |   82.35 |   77.85 |                                                            
  CourseListDisplay.tsx                            |   84.61 |      100 |   66.66 |   84.61 | 64-76                                                      
  CourseSearch.tsx                                 |   74.63 |    72.72 |   91.66 |   77.86 | 99-102,126-128,146,150-152,187-189,201-203,211-217,225-231 
  UploadDownloadCourses.tsx                        |      60 |      100 |      50 |      60 | 19,38                                                      
 src/components/course_search/form_components      |   75.75 |       50 |    64.7 |   75.75 |                                                            
  BreadthCheck.tsx                                 |     100 |      100 |     100 |     100 |                                                            
  CourseSearchForm.tsx                             |     100 |      100 |     100 |     100 |                                                            
  SemesterCheck.tsx                                |     100 |      100 |     100 |     100 |                                                            
  SubjectAreaCode.tsx                              |   55.55 |    16.66 |      60 |   55.55 | 29-30,47-48                                                
  TechMulticultural.tsx                            |   33.33 |      100 |      20 |   33.33 | 25-75                                                      
 src/components/planner                            |   70.88 |    47.36 |   81.81 |   71.79 |                                                            
  PlanList.tsx                                     |   58.82 |    35.71 |   73.33 |      60 | 54-72,110,121,200                                          
  PlanView.tsx                                     |     100 |     87.5 |     100 |     100 | 48                                                         
  Planner.tsx                                      |     100 |      100 |     100 |     100 |                                                            
  ReqCoursePlanner.tsx                             |     100 |      100 |     100 |     100 |                                                            
  UploadDownloadPlans.tsx                          |   71.42 |       50 |      50 |   71.42 | 34-47                                                      
 src/components/planner/plan                       |   68.96 |    57.29 |   73.84 |   68.96 |                                                            
  CourseList.tsx                                   |     100 |      100 |     100 |     100 |                                                            
  CourseView.tsx                                   |     100 |      100 |     100 |     100 |                                                            
  PlanEdit.tsx                                     |   23.07 |        0 |    12.5 |   23.07 | 19-24,37-81                                                
  ReqCoursePlan.tsx                                |   67.44 |    45.45 |     100 |   67.44 | 94,96,98,100,105,110,116-130                               
  SemesterList.tsx                                 |   88.23 |      100 |      80 |   88.23 | 97,139                                                     
  SemesterView.tsx                                 |   54.05 |    38.88 |    64.7 |   54.05 | 41-52,77,85-90,102-111,228-229                             
  YearList.tsx                                     |     100 |      100 |     100 |     100 |                                                            
  YearView.tsx                                     |   89.47 |    66.66 |    87.5 |   89.47 | 59-63                                                      
 src/data                                          |   17.35 |       10 |    9.52 |   17.94 |                                                            
  ParseDataFunctions.ts                            |     9.9 |       10 |    9.52 |   10.28 | 91-111,135-155,166-229,234-283,293-349,354-389,400-412     
  TestData.ts                                      |     100 |      100 |     100 |     100 |                                                            
 src/interfaces                                    |       0 |        0 |       0 |       0 |                                                            
  Course.ts                                        |       0 |        0 |       0 |       0 |                                                            
  Plan.ts                                          |       0 |        0 |       0 |       0 |                                                            
  Requirement.ts                                   |       0 |        0 |       0 |       0 |                                                            
  SearchParam.ts                                   |       0 |        0 |       0 |       0 |                                                            
  Semester.ts                                      |       0 |        0 |       0 |       0 |                                                            
  UserData.ts                                      |       0 |        0 |       0 |       0 |                                                            
  Year.ts                                          |       0 |        0 |       0 |       0 |                                                            
 src/login_components                              |   33.33 |        0 |   16.66 |   33.33 |                                                            
  Loading.tsx                                      |       0 |      100 |       0 |       0 | 3-6                                                        
  LoginButton.tsx                                  |      75 |      100 |      50 |      75 | 10                                                         
  LogoutButton.tsx                                 |      20 |      100 |       0 |      20 | 7-13                                                       
  Profile.tsx                                      |   33.33 |        0 |       0 |   33.33 | 10-12                                                      
  ProtectedRoute.tsx                               |       0 |        0 |       0 |       0 |                                                            
---------------------------------------------------|---------|----------|---------|---------|------------------------------------------------------------

Test Suites: 12 passed, 12 total
Tests:       66 passed, 66 total
Snapshots:   0 total
Time:        23.748 s
Ran all test suites.
